// Vitest Snapshot v1, https://vitest.dev/guide/snapshot.html

exports[`calculates persistent hash based on test source code, excluding extra indentation 1`] = `
"it(
  'description',
  () => {
    const x = 1;
  },
  {
    id: 'e6cdfb7097f18',
    source: ['const x = 1;'],
    generator: async function* test() {
      yield 0;
      const x = 1;
    },
  }
);

// doesn't depend on spaces newlines etc
// prettier-ignore
it('description', () => {const x = 1;}, { "id": "8759f7c5e871f", "source": [], "generator": async function* test() {yield -1;const x = 1;} });

describe('group', () => {
  // doesn't depend on indentation
  it(
    'description',
    () => {
      const x = 1;
    },
    {
      id: 'fac95536bad2d',
      source: ['const x = 1;'],
      generator: async function* test() {
        yield 0;
        const x = 1;
      },
    }
  );
});

// depends on description
it(
  'description 2',
  () => {
    const x = 1;
  },
  {
    id: '52fb265ed774b',
    source: ['const x = 1;'],
    generator: async function* test() {
      yield 0;
      const x = 1;
    },
  }
);

// depends on async or not
it(
  'description',
  async () => {
    const x = 1;
  },
  {
    id: '5e9ec9ed59dd1',
    source: ['const x = 1;'],
    generator: async function* test() {
      yield 0;
      const x = 1;
    },
  }
);

// depends on test body
it(
  'description',
  () => {
    const y = 2;
  },
  {
    id: 'eb94c1cfe250b',
    source: ['const y = 2;'],
    generator: async function* test() {
      yield 0;
      const y = 2;
    },
  }
);"
`;
